../Drivers/CMSIS/Include/core_cm4.h:2064:26:ITM_SendChar	16	static,ignoring_inline_asm
../Core/Src/main.c:121:6:HAL_I2S_TxHalfCpltCallback	16	static
../Core/Src/main.c:126:6:HAL_I2S_TxCpltCallback	16	static
../Core/Src/main.c:132:6:processData	16	static
../Core/Src/main.c:169:19:i2c_wr	32	static
../Core/Src/main.c:175:19:i2c_rd	32	static
../Core/Src/main.c:181:12:cs4x_rd	32	static
../Core/Src/main.c:197:12:cs4x_wr	24	static
../Core/Src/main.c:203:12:cs4x_rmw	24	static
../Core/Src/main.c:217:12:cs4x_set	16	static
../Core/Src/main.c:222:12:cs4x_clr	16	static
../Core/Src/main.c:229:12:cs4x_id	24	static
../Core/Src/main.c:245:5:cs4x_output	32	static
../Core/Src/main.c:265:5:cs4x_master_volume	24	static
../Core/Src/main.c:277:5:cs4x_headphone_volume	24	static
../Core/Src/main.c:293:5:cs4x_speaker_volume	24	static
../Core/Src/main.c:309:5:cs4x_pcm_volume	24	static
../Core/Src/main.c:327:12:cs4x_mute_on	24	static
../Core/Src/main.c:333:12:cs4x_mute_off	24	static
../Core/Src/main.c:341:5:cs4x_init	24	static
../Core/Src/main.c:406:5:cs4x_start	24	static
../Core/Src/main.c:416:5:cs4x_stop	24	static
../Core/Src/main.c:426:5:cs4x_pause	24	static
../Core/Src/main.c:434:5:cs4x_resume	24	static
../Core/Src/main.c:447:5:main	48	static
../Core/Src/main.c:544:6:SystemClock_Config	88	static
../Core/Src/main.c:590:13:MX_I2C1_Init	8	static
../Core/Src/main.c:624:13:MX_I2S3_Init	8	static
../Core/Src/main.c:658:13:MX_SPI1_Init	8	static
../Core/Src/main.c:694:13:MX_DMA_Init	16	static
../Core/Src/main.c:712:13:MX_GPIO_Init	56	static
../Core/Src/main.c:811:5:_write	32	static
../Core/Src/main.c:826:6:Error_Handler	8	static,ignoring_inline_asm
