../Drivers/CMSIS/Include/core_cm4.h:2064:26:ITM_SendChar	16	static,ignoring_inline_asm
../Core/Src/main.c:141:6:HAL_I2S_TxHalfCpltCallback	16	static
../Core/Src/main.c:148:6:HAL_I2S_TxCpltCallback	16	static
../Core/Src/main.c:155:6:processData	56	static
../Core/Src/main.c:230:19:i2c_wr	32	static
../Core/Src/main.c:236:19:i2c_rd	32	static
../Core/Src/main.c:242:12:cs4x_rd	32	static
../Core/Src/main.c:258:12:cs4x_wr	24	static
../Core/Src/main.c:264:12:cs4x_rmw	24	static
../Core/Src/main.c:278:12:cs4x_set	16	static
../Core/Src/main.c:283:12:cs4x_clr	16	static
../Core/Src/main.c:290:12:cs4x_id	24	static
../Core/Src/main.c:306:5:cs4x_output	32	static
../Core/Src/main.c:326:5:cs4x_master_volume	24	static
../Core/Src/main.c:338:5:cs4x_headphone_volume	24	static
../Core/Src/main.c:354:5:cs4x_speaker_volume	24	static
../Core/Src/main.c:370:5:cs4x_pcm_volume	24	static
../Core/Src/main.c:388:12:cs4x_mute_on	24	static
../Core/Src/main.c:394:12:cs4x_mute_off	24	static
../Core/Src/main.c:402:5:cs4x_init	24	static
../Core/Src/main.c:467:5:cs4x_start	24	static
../Core/Src/main.c:477:5:cs4x_stop	24	static
../Core/Src/main.c:487:5:cs4x_pause	24	static
../Core/Src/main.c:495:5:cs4x_resume	24	static
../Core/Src/main.c:508:5:main	48	static
../Core/Src/main.c:590:6:SystemClock_Config	88	static
../Core/Src/main.c:636:13:MX_I2C1_Init	8	static
../Core/Src/main.c:670:13:MX_I2S3_Init	8	static
../Core/Src/main.c:704:13:MX_SPI1_Init	8	static
../Core/Src/main.c:740:13:MX_DMA_Init	16	static
../Core/Src/main.c:758:13:MX_GPIO_Init	56	static
../Core/Src/main.c:857:5:_write	32	static
../Core/Src/main.c:872:6:Error_Handler	8	static,ignoring_inline_asm
