../Drivers/CMSIS/Include/core_cm4.h:2064:26:ITM_SendChar	16	static,ignoring_inline_asm
../Core/Src/main.c:143:6:HAL_I2S_TxHalfCpltCallback	16	static
../Core/Src/main.c:153:6:HAL_I2S_TxCpltCallback	16	static
../Core/Src/main.c:162:6:processData	64	static
../Core/Src/main.c:244:19:i2c_wr	32	static
../Core/Src/main.c:250:19:i2c_rd	32	static
../Core/Src/main.c:256:12:cs4x_rd	32	static
../Core/Src/main.c:272:12:cs4x_wr	24	static
../Core/Src/main.c:278:12:cs4x_rmw	24	static
../Core/Src/main.c:292:12:cs4x_set	16	static
../Core/Src/main.c:297:12:cs4x_clr	16	static
../Core/Src/main.c:304:12:cs4x_id	24	static
../Core/Src/main.c:320:5:cs4x_output	32	static
../Core/Src/main.c:340:5:cs4x_master_volume	24	static
../Core/Src/main.c:352:5:cs4x_headphone_volume	24	static
../Core/Src/main.c:368:5:cs4x_speaker_volume	24	static
../Core/Src/main.c:384:5:cs4x_pcm_volume	24	static
../Core/Src/main.c:402:12:cs4x_mute_on	24	static
../Core/Src/main.c:408:12:cs4x_mute_off	24	static
../Core/Src/main.c:416:5:cs4x_init	24	static
../Core/Src/main.c:481:5:cs4x_start	24	static
../Core/Src/main.c:491:5:cs4x_stop	24	static
../Core/Src/main.c:501:5:cs4x_pause	24	static
../Core/Src/main.c:509:5:cs4x_resume	24	static
../Core/Src/main.c:522:5:main	48	static
../Core/Src/main.c:634:6:SystemClock_Config	88	static
../Core/Src/main.c:680:13:MX_I2C1_Init	8	static
../Core/Src/main.c:714:13:MX_I2S3_Init	8	static
../Core/Src/main.c:748:13:MX_SPI1_Init	8	static
../Core/Src/main.c:784:13:MX_DMA_Init	16	static
../Core/Src/main.c:802:13:MX_GPIO_Init	56	static
../Core/Src/main.c:901:5:_write	32	static
../Core/Src/main.c:916:6:Error_Handler	8	static,ignoring_inline_asm
