../Drivers/CMSIS/Include/core_cm4.h:2064:26:ITM_SendChar	16	static,ignoring_inline_asm
../Core/Src/main.c:125:6:HAL_I2S_TxHalfCpltCallback	16	static
../Core/Src/main.c:133:6:HAL_I2S_TxCpltCallback	16	static
../Core/Src/main.c:141:6:processData	64	static
../Core/Src/main.c:214:19:i2c_wr	32	static
../Core/Src/main.c:220:19:i2c_rd	32	static
../Core/Src/main.c:226:12:cs4x_rd	32	static
../Core/Src/main.c:242:12:cs4x_wr	24	static
../Core/Src/main.c:248:12:cs4x_rmw	24	static
../Core/Src/main.c:262:12:cs4x_set	16	static
../Core/Src/main.c:267:12:cs4x_clr	16	static
../Core/Src/main.c:274:12:cs4x_id	24	static
../Core/Src/main.c:290:5:cs4x_output	32	static
../Core/Src/main.c:310:5:cs4x_master_volume	24	static
../Core/Src/main.c:322:5:cs4x_headphone_volume	24	static
../Core/Src/main.c:338:5:cs4x_speaker_volume	24	static
../Core/Src/main.c:354:5:cs4x_pcm_volume	24	static
../Core/Src/main.c:372:12:cs4x_mute_on	24	static
../Core/Src/main.c:378:12:cs4x_mute_off	24	static
../Core/Src/main.c:386:5:cs4x_init	24	static
../Core/Src/main.c:451:5:cs4x_start	24	static
../Core/Src/main.c:461:5:cs4x_stop	24	static
../Core/Src/main.c:471:5:cs4x_pause	24	static
../Core/Src/main.c:479:5:cs4x_resume	24	static
../Core/Src/main.c:492:5:main	56	static
../Core/Src/main.c:601:6:SystemClock_Config	88	static
../Core/Src/main.c:647:13:MX_I2C1_Init	8	static
../Core/Src/main.c:681:13:MX_I2S3_Init	8	static
../Core/Src/main.c:715:13:MX_SPI1_Init	8	static
../Core/Src/main.c:751:13:MX_DMA_Init	16	static
../Core/Src/main.c:769:13:MX_GPIO_Init	56	static
../Core/Src/main.c:868:5:_write	32	static
../Core/Src/main.c:883:6:Error_Handler	8	static,ignoring_inline_asm
