17:34:28 **** Incremental Build of configuration Debug for project Hello_World2 ****
make -j12 all 
arm-none-eabi-gcc "../Core/Src/main.c" -mcpu=cortex-m4 -std=gnu11 -g3 -DDEBUG -DUSE_HAL_DRIVER -DSTM32F407xx -c -I../Core/Inc -I../Drivers/STM32F4xx_HAL_Driver/Inc -I../Drivers/STM32F4xx_HAL_Driver/Inc/Legacy -I../Drivers/CMSIS/Device/ST/STM32F4xx/Include -I../Drivers/CMSIS/Include -I../USB_DEVICE/App -I../USB_DEVICE/Target -I../Middlewares/ST/STM32_USB_Device_Library/Core/Inc -I../Middlewares/ST/STM32_USB_Device_Library/Class/CDC/Inc -O0 -ffunction-sections -fdata-sections -Wall -fstack-usage -fcyclomatic-complexity -MMD -MP -MF"Core/Src/main.d" -MT"Core/Src/main.o" --specs=nano.specs -mfpu=fpv4-sp-d16 -mfloat-abi=hard -mthumb -o "Core/Src/main.o"
../Core/Src/main.c: In function 'processData':
../Core/Src/main.c:164:47: warning: format '%u' expects argument of type 'unsigned int', but argument 3 has type 'uint64_t' {aka 'long long unsigned int'} [-Wformat=]
  164 |                         printf("n %hu, ticks %u, out %d \r\n", n, ticks, datum);
      |                                              ~^                   ~~~~~
      |                                               |                   |
      |                                               unsigned int        uint64_t {aka long long unsigned int}
      |                                              %llu
../Core/Src/main.c:139:18: warning: unused variable 'quarter' [-Wunused-variable]
  139 |         uint16_t quarter = M/4;
      |                  ^~~~~~~
../Core/Src/main.c: In function 'main':
../Core/Src/main.c:486:17: warning: unused variable 'buf' [-Wunused-variable]
  486 |         uint8_t buf[12];
      |                 ^~~
arm-none-eabi-gcc -o "Hello_World2.elf" @"objects.list"   -mcpu=cortex-m4 -T"C:\Qynth\Hello_World2\STM32F407VGTX_FLASH.ld" --specs=nosys.specs -Wl,-Map="Hello_World2.map" -Wl,--gc-sections -static --specs=nano.specs -mfpu=fpv4-sp-d16 -mfloat-abi=hard -mthumb -Wl,--start-group -lc -lm -Wl,--end-group
Finished building target: Hello_World2.elf
 
arm-none-eabi-size  Hello_World2.elf 
arm-none-eabi-objdump -h -S Hello_World2.elf  > "Hello_World2.list"
   text	   data	    bss	    dec	    hex	filename
  52816	    348	 105408	 158572	  26b6c	Hello_World2.elf
Finished building: default.size.stdout
 
Finished building: Hello_World2.list
 

17:34:29 Build Finished. 0 errors, 3 warnings. (took 1s.70ms)

